=== Налаштування тестового середовища ===
Тестові файли успішно створено.
Початкова пам'ять процесу: 68.70 MB
